\BOOKMARK [0][]{chapter*.2}{\376\377\000L\000i\000s\000t\000a\000\040\000f\000i\000g\000u\000r\000i\000l\000o\000r}{}% 1
\BOOKMARK [0][]{chapter*.3}{\376\377\000L\000i\000s\000t\000a\000\040\000t\000a\000b\000e\000l\000e\000l\000o\000r}{}% 2
\BOOKMARK [0][]{chapter*.4}{\376\377\000L\000i\000s\000t\000a\000\040\000a\000c\000r\000o\000n\000i\000m\000e\000l\000o\000r}{}% 3
\BOOKMARK [0][]{chapter*.5}{\376\377\000I\000n\000t\000r\000o\000d\000u\000c\000e\000r\000e}{}% 4
\BOOKMARK [1][]{section*.6}{\376\377\000M\000o\000t\000i\000v\000a\002\033\000i\000e}{chapter*.5}% 5
\BOOKMARK [1][]{section*.7}{\376\377\000O\000b\000i\000e\000c\000t\000i\000v\000e}{chapter*.5}% 6
\BOOKMARK [1][]{section*.8}{\376\377\000A\000p\000l\000i\000c\000a\000b\000i\000l\000i\000t\000a\000t\000e}{chapter*.5}% 7
\BOOKMARK [0][]{chapter.1}{\376\377\000A\000s\000p\000e\000c\000t\000e\000\040\000t\000e\000o\000r\000e\000t\000i\000c\000e\000\040}{}% 8
\BOOKMARK [1][]{subsection.1.0.1}{\376\377\000S\000t\000a\000n\000d\000a\000r\000d\000e\000l\000e\000\040\000a\000n\000a\000l\000o\000g\000i\000c\000e\000:\000\040\000d\000B\000u\000\040\002\031\000i\000\040\000d\000B\000V}{chapter.1}% 9
\BOOKMARK [2][]{subsection.1.0.2}{\376\377\000S\000t\000a\000n\000d\000a\000r\000d\000u\000l\000\040\000d\000i\000g\000i\000t\000a\000l\000:\000\040\000d\000B\000F\000S}{subsection.1.0.1}% 10
\BOOKMARK [1][]{section.1.1}{\376\377\000I\000n\000t\000e\000r\000f\000e\002\033\000e\000\040\000a\000n\000a\000l\000o\000g\000i\000c\000e\000\040\000d\000e\000\040\000l\000i\000n\000i\000e\000\040\000e\000c\000h\000i\000l\000i\000b\000r\000a\000t\000e\000\040\002\031\000i\000\040\000n\000e\000e\000c\000h\000i\000l\000i\000b\000r\000a\000t\000e}{chapter.1}% 11
\BOOKMARK [2][]{subsection.1.1.1}{\376\377\000A\000d\000a\000p\000t\000a\000r\000e\000a\000\040\000\356\000n\000\040\000t\000e\000n\000s\000i\000u\000n\000e}{section.1.1}% 12
\BOOKMARK [2][]{subsection.1.1.2}{\376\377\000I\000n\000t\000e\000r\000f\000e\000t\000e\000\040\000a\000n\000a\000l\000o\000g\000i\000c\000e\000\040\000d\000e\000\040\000l\000i\000n\000i\000e}{section.1.1}% 13
\BOOKMARK [3][]{subsubsection.1.1.2.1}{\376\377\000I\000n\000t\000e\000r\000f\000a\002\033\000a\000\040\000n\000e\000e\000c\000h\000i\000l\000i\000b\000r\000a\000t\001\003}{subsection.1.1.2}% 14
\BOOKMARK [3][]{subsubsection.1.1.2.2}{\376\377\000I\000n\000t\000e\000r\000f\000a\002\033\000a\000\040\000e\000c\000h\000i\000l\000i\000b\000r\000a\000t\001\003}{subsection.1.1.2}% 15
\BOOKMARK [2][]{subsection.1.1.3}{\376\377\000C\000a\000l\000c\000u\000l\000u\000l\000\040\002\031\000i\000\040\000m\001\003\000s\000u\000r\000a\000r\000e\000a\000\040\000r\000a\000p\000o\000r\000t\000u\000l\000u\000i\000\040\000d\000e\000\040\000r\000e\000j\000e\000c\002\033\000i\000e\000\040\000\050\000C\000M\000R\000R\000\051}{section.1.1}% 16
\BOOKMARK [1][]{section.1.2}{\376\377\000P\000r\000o\000c\000e\000s\000a\000r\000e\000a\000\040\000d\000i\000g\000i\000t\000a\000l\001\003\000\040\000a\000\040\000s\000e\000m\000n\000a\000l\000e\000l\000o\000r}{chapter.1}% 17
\BOOKMARK [2][]{subsection.1.2.1}{\376\377\000E\002\031\000a\000n\000t\000i\000o\000n\000a\000r\000e\000a\000\040\002\031\000i\000\040\000c\000u\000a\000n\000t\000i\000z\000a\000r\000e\000a}{section.1.2}% 18
\BOOKMARK [2][]{subsection.1.2.2}{\376\377\000C\000o\000n\000v\000e\000r\000t\000o\000a\000r\000e\000\040\000D\000e\000l\000t\000a\000-\000S\000i\000g\000m\000a\000\040\000\050\000\051}{section.1.2}% 19
\BOOKMARK [1][]{section.1.3}{\376\377\000A\000m\000p\000l\000i\000f\000i\000c\000a\000r\000e\000a\000\040\000\356\000n\000\040\000C\000l\000a\000s\000a\000\040\000D}{chapter.1}% 20
\BOOKMARK [0][]{chapter.2}{\376\377\000P\000r\000o\000i\000e\000c\000t\000a\000r\000e\000a\000\040\000A\000r\000h\000i\000t\000e\000c\000t\000u\000r\000i\000i\000\040\000H\000a\000r\000d\000w\000a\000r\000e\000\040}{}% 21
\BOOKMARK [1][]{section.2.1}{\376\377\000S\000i\000s\000t\000e\000m\000u\000l\000\040\000d\000e\000\040\000a\000l\000i\000m\000e\000n\000t\000a\000r\000e\000\040\002\031\000i\000\040\000m\000a\000s\000a\000\040\000v\000i\000r\000t\000u\000a\000l\001\003}{chapter.2}% 22
\BOOKMARK [2][]{subsection.2.1.1}{\376\377\000C\000o\000n\000c\000e\000p\000t\000u\000l\000\040\000d\000e\000\040\000t\000r\000a\000n\000s\000l\000a\002\033\000i\000e\000\040\000a\000\040\000r\000e\000f\000e\000r\000i\000n\002\033\000e\000i}{section.2.1}% 23
\BOOKMARK [2][]{subsection.2.1.2}{\376\377\000I\000m\000p\000l\000e\000m\000e\000n\000t\000a\000r\000e\000a\000\040\000h\000a\000r\000d\000w\000a\000r\000e\000\040\000a\000\040\000m\000a\000s\000e\000i\000\040\000v\000i\000r\000t\000u\000a\000l\000e}{section.2.1}% 24
\BOOKMARK [1][]{section.2.2}{\376\377\000I\000n\000t\000e\000r\000f\000a\002\033\000a\000\040\000a\000u\000d\000i\000o\000\040\000d\000e\000\040\000l\000i\000n\000i\000e\000:\000\040\000A\000r\000h\000i\000t\000e\000c\000t\000u\000r\000a\000\040\000h\000i\000b\000r\000i\000d\001\003}{chapter.2}% 25
\BOOKMARK [2][]{subsection.2.2.1}{\376\377\000P\000r\000o\000i\000e\000c\000t\000a\000r\000e\000a\000\040\000e\000t\000a\000j\000u\000l\000u\000i\000\040\000d\000e\000\040\000i\000n\000t\000r\000a\000r\000e\000\040\000u\000n\000i\000v\000e\000r\000s\000a\000l}{section.2.2}% 26
\BOOKMARK [2][]{subsection.2.2.2}{\376\377\000G\000e\000s\000t\000i\000o\000n\000a\000r\000e\000a\000\040\000c\000o\000m\000p\000o\000n\000e\000n\000t\000e\000i\000\040\000c\000o\000n\000t\000i\000n\000u\000e\000\040\002\031\000i\000\040\000a\000\040\000d\000i\000n\000a\000m\000i\000c\000i\000i}{section.2.2}% 27
\BOOKMARK [3][]{subsubsection.2.2.2.1}{\376\377\000I\000z\000o\000l\000a\000r\000e\000a\000\040\000D\000C\000\040\002\031\000i\000\040\000c\000u\000p\000l\000a\000j\000u\000l\000\040\000c\000a\000p\000a\000c\000i\000t\000i\000v}{subsection.2.2.2}% 28
\BOOKMARK [3][]{subsubsection.2.2.2.2}{\376\377\000M\000a\000n\000a\000g\000e\000m\000e\000n\000t\000u\000l\000\040\000d\000i\000n\000a\000m\000i\000c\000i\000i\000\040\000s\000e\000m\000n\000a\000l\000u\000l\000u\000i\000\040\000\050\000H\000e\000a\000d\000r\000o\000o\000m\000\051}{subsection.2.2.2}% 29
\BOOKMARK [2][]{subsection.2.2.3}{\376\377\000A\000n\000a\000l\000i\000z\000a\000\040\000i\000m\000p\000e\000d\000a\000n\002\033\000e\000l\000o\000r\000\040\002\031\000i\000\040\000r\000e\000j\000e\000c\002\033\000i\000a\000\040\000m\000o\000d\000u\000l\000u\000i\000\040\000c\000o\000m\000u\000n}{section.2.2}% 30
\BOOKMARK [2][]{subsection.2.2.4}{\376\377\000F\000i\000l\000t\000r\000a\000r\000e\000a\000\040\002\031\000i\000\040\000c\000o\000n\000d\000i\002\033\000i\000o\000n\000a\000r\000e\000a\000\040\000s\000e\000m\000n\000a\000l\000u\000l\000u\000i}{section.2.2}% 31
\BOOKMARK [2][]{subsection.2.2.5}{\376\377\000M\000a\000n\000a\000g\000e\000m\000e\000n\000t\000u\000l\000\040\000n\000i\000v\000e\000l\000u\000l\000u\000i\000\040\000d\000e\000\040\000s\000e\000m\000n\000a\000l\000\040\002\031\000i\000\040\000s\000t\000r\000a\000t\000e\000g\000i\000a\000\040\000d\000e\000\040\000h\000e\000a\000d\000r\000o\000o\000m}{section.2.2}% 32
\BOOKMARK [2][]{subsection.2.2.6}{\376\377\000I\000n\000t\000e\000r\000f\000a\002\033\000a\000\040\000d\000e\000\040\000i\000e\002\031\000i\000r\000e\000\040\000d\000e\000\040\000l\000i\000n\000i\000e\000:\000\040\000T\000o\000p\000o\000l\000o\000g\000i\000a\000\040\000I\000m\000p\000e\000d\000a\000n\000c\000e\000\040\000B\000a\000l\000a\000n\000c\000e\000d}{section.2.2}% 33
\BOOKMARK [1][]{section.2.3}{\376\377\000I\000n\000t\000e\000g\000r\000a\000r\000e\000a\000\040\000M\000o\000d\000u\000l\000e\000l\000o\000r\000\040\000C\000o\000m\000e\000r\000c\000i\000a\000l\000e\000\040\000\050\000C\000O\000T\000S\000\051}{chapter.2}% 34
\BOOKMARK [2][]{subsection.2.3.1}{\376\377\000P\000r\000o\000c\000e\000s\000a\000r\000e\000a\000\040\000D\000i\000g\000i\000t\000a\000l\001\003\000\040\000a\000\040\000S\000e\000m\000n\000a\000l\000u\000l\000u\000i\000\040\000\050\000D\000S\000P\000\051}{section.2.3}% 35
\BOOKMARK [3][]{subsubsection.2.3.1.1}{\376\377\000C\000o\000n\000d\000i\002\033\000i\000o\000n\000a\000r\000e\000a\000\040\000i\000n\000t\000r\001\003\000r\000i\000l\000o\000r\000\040\000A\000D\000C}{subsection.2.3.1}% 36
\BOOKMARK [2][]{subsection.2.3.2}{\376\377\000E\000t\000a\000j\000e\000l\000e\000\040\000d\000e\000\040\000p\000u\000t\000e\000r\000e\000\040\000\356\000n\000\040\000c\000l\000a\000s\000a\000\040\000D}{section.2.3}% 37
\BOOKMARK [2][]{subsection.2.3.3}{\376\377\000P\000r\000o\000g\000r\000a\000m\000a\000t\000o\000r\000u\000l\000\040\000D\000S\000P\000\040\002\031\000i\000\040\000I\000n\000t\000e\000r\000f\000a\002\033\000a\000\040\000d\000e\000\040\000C\000o\000n\000t\000r\000o\000l}{section.2.3}% 38
\BOOKMARK [0][]{chapter.3}{\376\377\000I\000m\000p\000l\000e\000m\000e\000n\000t\000a\000r\000e\000a\000\040\000P\000r\000a\000c\000t\000i\000c\001\003\000\040\000a\000\040\000S\000i\000s\000t\000e\000m\000u\000l\000u\000i\000\040\000p\000e\000\040\000P\000e\000r\000f\000b\000o\000a\000r\000d\000\040}{}% 39
\BOOKMARK [1][]{section.3.1}{\376\377\000S\000t\000r\000a\000t\000e\000g\000i\000a\000\040\000d\000e\000\040\000l\000a\000y\000o\000u\000t\000\040\002\031\000i\000\040\000a\000s\000a\000m\000b\000l\000a\000r\000e}{chapter.3}% 40
\BOOKMARK [1][]{section.3.2}{\376\377\000R\000e\000a\000l\000i\000z\000a\000r\000e\000a\000\040\000m\000o\000d\000u\000l\000e\000l\000o\000r\000\040\000i\000n\000d\000i\000v\000i\000d\000u\000a\000l\000e}{chapter.3}% 41
\BOOKMARK [1][]{section.3.3}{\376\377\000P\000r\000o\000b\000l\000e\000m\000e\000\040\000\356\000n\000t\000\342\000m\000p\000i\000n\000a\000t\000e\000\040\000l\000a\000\040\000i\000m\000p\000l\000e\000m\000e\000n\000t\000a\000r\000e}{chapter.3}% 42
\BOOKMARK [0][]{chapter.4}{\376\377\000T\000e\000s\000t\000a\000r\000e\000a\000\040\000S\000i\000s\000t\000e\000m\000u\000l\000u\000i\000\040\002\031\000i\000\040\000A\000n\000a\000l\000i\000z\000a\000\040\000P\000e\000r\000f\000o\000r\000m\000a\000n\002\033\000e\000l\000o\000r\000\040}{}% 43
\BOOKMARK [1][]{section.4.1}{\376\377\000S\000e\000t\000u\000p\000-\000u\000l\000\040\000d\000e\000\040\000t\000e\000s\000t\000a\000r\000e}{chapter.4}% 44
\BOOKMARK [1][]{section.4.2}{\376\377\000M\001\003\000s\000u\000r\001\003\000t\000o\000r\000i\000\040\000e\000x\000p\000e\000r\000i\000m\000e\000n\000t\000a\000l\000e}{chapter.4}% 45
\BOOKMARK [1][]{section.4.3}{\376\377\000V\000a\000l\000i\000d\000a\000r\000e\000a\000\040\000f\000u\000n\000c\002\033\000i\000o\000n\001\003\000r\000i\000i\000\040\000p\000r\000o\000g\000r\000a\000m\000a\000t\000o\000r\000u\000l\000u\000i\000\040\002\031\000i\000\040\000a\000\040\000a\000l\000g\000o\000r\000i\000t\000m\000i\000l\000o\000r\000\040\000D\000S\000P}{chapter.4}% 46
\BOOKMARK [1][]{section.4.4}{\376\377\000C\000o\000n\000c\000l\000u\000z\000i\000i\000\040\002\031\000i\000\040\000d\000i\000r\000e\000c\002\033\000i\000i\000\040\000v\000i\000i\000t\000o\000a\000r\000e}{chapter.4}% 47
\BOOKMARK [0][]{chapter*.9}{\376\377\000R\000e\000f\000e\000r\000i\000n\002\033\000e\000\040\000b\000i\000b\000l\000i\000o\000g\000r\000a\000f\000i\000c\000e}{}% 48
\BOOKMARK [0][]{appendix.A}{\376\377\000A\000n\000e\000x\000a\000\040\000A\000.\000\040\000R\000e\000z\000o\000l\000v\000a\000r\000e\000\040\000'\000'\000C\000i\000n\000c\000i\000\040\000P\000\342\000i\000n\000i\000'\000'}{}% 49
\BOOKMARK [0][]{appendix.B}{\376\377\000A\000n\000e\000x\000a\000\040\000B\000.\000\040\000A\000l\000t\000e\000\040\000p\000o\000v\000e\002\031\000t\000i\000\040\002\031\000i\000\040\000b\000a\000s\000m\000e}{}% 50
